19:49:53 **** Incremental Build of configuration Debug for project trabajo_balancin ****
make -j16 all 
arm-none-eabi-gcc "../Core/Src/main.c" -mcpu=cortex-m4 -std=gnu11 -g3 -DDEBUG -DUSE_HAL_DRIVER -DSTM32F407xx -c -I../Core/Inc -I../Drivers/STM32F4xx_HAL_Driver/Inc -I../Drivers/STM32F4xx_HAL_Driver/Inc/Legacy -I../Drivers/CMSIS/Device/ST/STM32F4xx/Include -I../Drivers/CMSIS/Include -O0 -ffunction-sections -fdata-sections -Wall -fstack-usage -MMD -MP -MF"Core/Src/main.d" -MT"Core/Src/main.o" --specs=nano.specs -mfpu=fpv4-sp-d16 -mfloat-abi=hard -mthumb -o "Core/Src/main.o"
arm-none-eabi-gcc -o "trabajo_balancin.elf" @"objects.list"   -mcpu=cortex-m4 -T"C:\Users\jgome\Documents\laboratorios_uni\SED\STM32\trabajo_balancin\trabajo_balancin\STM32F407VGTX_FLASH.ld" --specs=nosys.specs -Wl,-Map="trabajo_balancin.map" -Wl,--gc-sections -static --specs=nano.specs -mfpu=fpv4-sp-d16 -mfloat-abi=hard -mthumb -Wl,--start-group -lc -lm -Wl,--end-group
Finished building target: trabajo_balancin.elf
 
arm-none-eabi-size   trabajo_balancin.elf 
arm-none-eabi-objdump -h -S  trabajo_balancin.elf  > "trabajo_balancin.list"
arm-none-eabi-objcopy  -O binary  trabajo_balancin.elf  "trabajo_balancin.bin"
   text	   data	    bss	    dec	    hex	filename
  17476	     20	   1916	  19412	   4bd4	trabajo_balancin.elf
Finished building: default.size.stdout
 
Finished building: trabajo_balancin.bin
 
Finished building: trabajo_balancin.list
 
19:55:15 **** Incremental Build of configuration Debug for project trabajo_balancin ****
make -j16 all 
arm-none-eabi-size   trabajo_balancin.elf 
   text	   data	    bss	    dec	    hex	filename
  17476	     20	   1916	  19412	   4bd4	trabajo_balancin.elf
Finished building: default.size.stdout
 
19:58:35 **** Incremental Build of configuration Debug for project trabajo_balancin ****
make -j16 all 
arm-none-eabi-size   trabajo_balancin.elf 
   text	   data	    bss	    dec	    hex	filename
  17476	     20	   1916	  19412	   4bd4	trabajo_balancin.elf
Finished building: default.size.stdout
 
19:58:35 **** Incremental Build of configuration Debug for project trabajo_balancin ****
make -j16 all 
arm-none-eabi-size   trabajo_balancin.elf 
   text	   data	    bss	    dec	    hex	filename
  17476	     20	   1916	  19412	   4bd4	trabajo_balancin.elf
Finished building: default.size.stdout
 
19:58:46 **** Incremental Build of configuration Debug for project trabajo_balancin ****
make -j16 all 
arm-none-eabi-size   trabajo_balancin.elf 
   text	   data	    bss	    dec	    hex	filename
  17476	     20	   1916	  19412	   4bd4	trabajo_balancin.elf
Finished building: default.size.stdout
 
20:01:29 **** Incremental Build of configuration Debug for project trabajo_balancin ****
make -j16 all 
arm-none-eabi-size   trabajo_balancin.elf 
   text	   data	    bss	    dec	    hex	filename
  17476	     20	   1916	  19412	   4bd4	trabajo_balancin.elf
Finished building: default.size.stdout
 
20:02:19 **** Incremental Build of configuration Debug for project trabajo_balancin ****
make -j16 all 
arm-none-eabi-size   trabajo_balancin.elf 
   text	   data	    bss	    dec	    hex	filename
  17476	     20	   1916	  19412	   4bd4	trabajo_balancin.elf
Finished building: default.size.stdout
 
