main.c:80:6:HAL_GPIO_EXTI_Callback	16	static
main.c:103:9:map_acc	16	static
main.c:110:9:map_adc	16	static
main.c:117:9:map_angle	16	static
main.c:126:5:main	24	static
main.c:317:6:SystemClock_Config	88	static
main.c:362:13:MX_ADC1_Init	24	static
main.c:412:13:MX_ADC2_Init	24	static
main.c:462:13:MX_I2C1_Init	8	static
main.c:496:13:MX_SPI1_Init	8	static
main.c:534:13:MX_TIM3_Init	64	static
main.c:597:13:MX_TIM4_Init	64	static
main.c:668:13:MX_GPIO_Init	48	static
main.c:709:6:Error_Handler	4	static,ignoring_inline_asm
